# Default mimetypes file
txt text/plain
html text/html
js text/javascript
png image/png
jpeg image/jpeg
jpg image/jpg
exe application/octet-stream
mp4 video/mp4
css text/css
gif image/gif
eot application/vnd.ms-fontobject
htm text/html
json application/json
mjs text/javascript
ogg audio/ogg
woff font/woff
woff2 font/woff2
xml application/xml
zip application/zip
ttf font/ttf
otf font/otf
sh application/x-sh
aac audio/aac
tif image/tiff
tiff image/tiff
log text/plain
pdf application/pdf
ogx application/ogg
ogv video/ogg
svg image/svg+xml
webm video/webm
webp image/webp
swf application/x-shockwave-flash
mp3 audio/mpeg
mpeg video/mpeg
oga audio/ogg
ics text/calendar
mid audio/midi
midi audio/midi
jar application/java-archive
ico image/vnd.microsoft.icon
epub application/epub+zip
doc application/msword
docx application/vnd.openxmlformats-officedocument.wordprocessingml.document
bz application/x-bzip
bz2 application/x-bzip2
csv text/csv
xls application/vnd.ms-excel
xlsx application/vnd.openxmlformats-officedocument.spreadsheetml.sheet
7z application/x-7z-compressed
xhtml application/xhtml+xml
vsd application/vnd.visio
ts video/mp2t
ppt application/vnd.ms-powerpoint
pptx application/vnd.openxmlformats-officedocument.presentationml.presentation
rar application/x-rar-compressed
rtf application/rtf